
FullName                                                                                                               
--------                                                                                                               
E:\IT\xampp\htdocs\swipedt\.agents\AGENTS.md                                                                           
E:\IT\xampp\htdocs\swipedt\brain\4a93a6cf-214c-4c3f-a23b-4429bc4abe70\.system_generated\logs\transcript_full.jsonl     
E:\IT\xampp\htdocs\swipedt\brain\4a93a6cf-214c-4c3f-a23b-4429bc4abe70\.system_generated\logs\transcript.jsonl          
E:\IT\xampp\htdocs\swipedt\manifest.php                                                                                
E:\IT\xampp\htdocs\swipedt\index.php                                                                                   
E:\IT\xampp\htdocs\swipedt\admin\includes\footer.php                                                                   
E:\IT\xampp\htdocs\swipedt\api\admin_support.php                                                                       
E:\IT\xampp\htdocs\swipedt\api\submit_ticket.php                                                                       
E:\IT\xampp\htdocs\swipedt\brain\4a93a6cf-214c-4c3f-a23b-4429bc4abe70\.system_generated\messages\read.json             
E:\IT\xampp\htdocs\swipedt\brain\4a93a6cf-214c-4c3f-a23b-4429bc4abe70\.system_generated\messages\cursor.json           
E:\IT\xampp\htdocs\swipedt\brain\4a93a6cf-214c-4c3f-a23b-4429bc4abe70\.system_generated\messages\fa0fb8ea-63ee-4ee5-...
E:\IT\xampp\htdocs\swipedt\brain\4a93a6cf-214c-4c3f-a23b-4429bc4abe70\media__1783838110183.png                         
E:\IT\xampp\htdocs\swipedt\brain\4a93a6cf-214c-4c3f-a23b-4429bc4abe70\media__1783838063879.png                         
E:\IT\xampp\htdocs\swipedt\header.php                                                                                  
E:\IT\xampp\htdocs\swipedt\js\search.js                                                                                
E:\IT\xampp\htdocs\swipedt\js\custom_feed.js                                                                           
E:\IT\xampp\htdocs\swipedt\js\feed.js                                                                                  
E:\IT\xampp\htdocs\swipedt\brain\4a93a6cf-214c-4c3f-a23b-4429bc4abe70\media__1783767804203.png                         
E:\IT\xampp\htdocs\swipedt\brain\4a93a6cf-214c-4c3f-a23b-4429bc4abe70\media__1783767635606.png                         
E:\IT\xampp\htdocs\swipedt\brain\4a93a6cf-214c-4c3f-a23b-4429bc4abe70\media__1783767603447.png                         


